﻿ÔÇëWARNÔÇë Unsupported engine: wanted: {"node":"20.x"} (current: {"node":"v22.20.0","pnpm":"8.11.0"})

> mekanos-monorepo@0.1.0 build C:\Users\Usuario\Downloads\mekanosApp\BASE DE DATOS\MEKANOS_DB\REFACTORIZATION\monorepo
> turbo run build

ÔÇó Packages in scope: @mekanos/api, @mekanos/config, @mekanos/core, @mekanos/database, @mekanos/shared, admin
ÔÇó Running build in 6 packages
ÔÇó Remote caching disabled
@mekanos/shared:build: cache miss, executing a9416f450df708cb
@mekanos/database:build: cache miss, executing 86f2d8bf134f892c
admin:build: cache miss, executing 13970c2c92ff4837
@mekanos/shared:build: 
@mekanos/shared:build: > @mekanos/shared@0.1.0 build C:\Users\Usuario\Downloads\mekanosApp\BASE DE DATOS\MEKANOS_DB\REFACTORIZATION\monorepo\packages\shared
@mekanos/shared:build: > tsc
@mekanos/shared:build: 
@mekanos/database:build: 
@mekanos/database:build: > @mekanos/database@0.1.0 build C:\Users\Usuario\Downloads\mekanosApp\BASE DE DATOS\MEKANOS_DB\REFACTORIZATION\monorepo\packages\database
@mekanos/database:build: > tsc
@mekanos/database:build: 
admin:build: 
admin:build: > admin@0.1.0 build C:\Users\Usuario\Downloads\mekanosApp\BASE DE DATOS\MEKANOS_DB\REFACTORIZATION\monorepo\apps\admin
admin:build: > next build
admin:build: 
@mekanos/core:build: cache miss, executing ab46b5793d50ab4b
@mekanos/core:build: 
@mekanos/core:build: > @mekanos/core@0.1.0 build C:\Users\Usuario\Downloads\mekanosApp\BASE DE DATOS\MEKANOS_DB\REFACTORIZATION\monorepo\packages\core
@mekanos/core:build: > tsc
@mekanos/core:build: 
@mekanos/database:build: prisma/seed-roles.ts(104,7): error TS2322: Type '{ codigo_rol: string; }' is not assignable to type 'rolesWhereUniqueInput'.
@mekanos/database:build:   Type '{ codigo_rol: string; }' is not assignable to type '{ id_rol: number; } & { id_rol?: number | undefined; AND?: rolesWhereInput | rolesWhereInput[] | undefined; OR?: rolesWhereInput[] | undefined; ... 18 more ...; usuarios_roles?: Usuarios_rolesListRelationFilter | undefined; }'.
@mekanos/database:build:     Property 'id_rol' is missing in type '{ codigo_rol: string; }' but required in type '{ id_rol: number; }'.
@mekanos/database:build: prisma/seed-roles.ts(118,9): error TS2322: Type '{ activo: true; codigo_rol: string; nombre_rol: string; descripcion: string; nivel_jerarquia: number; es_rol_sistema: boolean; color_hex: string; icono: string; permite_acceso_web: boolean; permite_acceso_movil: boolean; permite_acceso_portal_cliente: boolean; }' is not assignable to type '(Without<rolesCreateInput, rolesUncheckedCreateInput> & rolesUncheckedCreateInput) | (Without<...> & rolesCreateInput)'.
@mekanos/database:build:   Type '{ activo: true; codigo_rol: string; nombre_rol: string; descripcion: string; nivel_jerarquia: number; es_rol_sistema: boolean; color_hex: string; icono: string; permite_acceso_web: boolean; permite_acceso_movil: boolean; permite_acceso_portal_cliente: boolean; }' is not assignable to type 'Without<rolesUncheckedCreateInput, rolesCreateInput> & rolesCreateInput'.
@mekanos/database:build:     Property 'id_rol' is missing in type '{ activo: true; codigo_rol: string; nombre_rol: string; descripcion: string; nivel_jerarquia: number; es_rol_sistema: boolean; color_hex: string; icono: string; permite_acceso_web: boolean; permite_acceso_movil: boolean; permite_acceso_portal_cliente: boolean; }' but required in type 'rolesCreateInput'.
@mekanos/database:build: prisma/seed.ts(17,7): error TS2353: Object literal may only specify known properties, and 'tipo_identificacion_numero_identificacion' does not exist in type 'personasWhereUniqueInput'.
@mekanos/database:build: prisma/seed.ts(73,5): error TS2322: Type '{ codigo_tipo: string; }' is not assignable to type 'tipos_equipoWhereUniqueInput'.
@mekanos/database:build:   Type '{ codigo_tipo: string; }' is not assignable to type '{ id_tipo_equipo: number; } & { id_tipo_equipo?: number | undefined; AND?: tipos_equipoWhereInput | tipos_equipoWhereInput[] | undefined; ... 32 more ...; tipos_servicio?: Tipos_servicioListRelationFilter | undefined; }'.
@mekanos/database:build:     Property 'id_tipo_equipo' is missing in type '{ codigo_tipo: string; }' but required in type '{ id_tipo_equipo: number; }'.
@mekanos/database:build: prisma/seed.ts(90,5): error TS2322: Type '{ codigo_tipo: string; }' is not assignable to type 'tipos_equipoWhereUniqueInput'.
@mekanos/database:build:   Type '{ codigo_tipo: string; }' is not assignable to type '{ id_tipo_equipo: number; } & { id_tipo_equipo?: number | undefined; AND?: tipos_equipoWhereInput | tipos_equipoWhereInput[] | undefined; ... 32 more ...; tipos_servicio?: Tipos_servicioListRelationFilter | undefined; }'.
@mekanos/database:build:     Property 'id_tipo_equipo' is missing in type '{ codigo_tipo: string; }' but required in type '{ id_tipo_equipo: number; }'.
@mekanos/database:build: prisma/seed.ts(107,5): error TS2322: Type '{ codigo_tipo: string; }' is not assignable to type 'tipos_equipoWhereUniqueInput'.
@mekanos/database:build:   Type '{ codigo_tipo: string; }' is not assignable to type '{ id_tipo_equipo: number; } & { id_tipo_equipo?: number | undefined; AND?: tipos_equipoWhereInput | tipos_equipoWhereInput[] | undefined; ... 32 more ...; tipos_servicio?: Tipos_servicioListRelationFilter | undefined; }'.
@mekanos/database:build:     Property 'id_tipo_equipo' is missing in type '{ codigo_tipo: string; }' but required in type '{ id_tipo_equipo: number; }'.
@mekanos/database:build: prisma/seed.ts(132,7): error TS2353: Object literal may only specify known properties, and 'tipo_identificacion_numero_identificacion' does not exist in type 'personasWhereUniqueInput'.
@mekanos/database:build: prisma/seed.ts(153,5): error TS2322: Type '{ id_persona: number; }' is not assignable to type 'clientesWhereUniqueInput'.
@mekanos/database:build:   Type '{ id_persona: number; }' is not assignable to type '{ id_cliente: number; } & { id_cliente?: number | undefined; AND?: clientesWhereInput | clientesWhereInput[] | undefined; OR?: clientesWhereInput[] | undefined; ... 38 more ...; sedes_cliente?: Sedes_clienteListRelationFilter | undefined; }'.
@mekanos/database:build:     Property 'id_cliente' is missing in type '{ id_persona: number; }' but required in type '{ id_cliente: number; }'.
@mekanos/database:build: prisma/seed.ts(167,5): error TS2322: Type '{ codigo_equipo: string; }' is not assignable to type 'equiposWhereUniqueInput'.
@mekanos/database:build:   Type '{ codigo_equipo: string; }' is not assignable to type '{ id_equipo: number; } & { id_equipo?: number | undefined; AND?: equiposWhereInput | equiposWhereInput[] | undefined; OR?: equiposWhereInput[] | undefined; ... 57 more ...; propuestas_correctivo?: Propuestas_correctivoListRelationFilter | undefined; }'.
@mekanos/database:build:     Property 'id_equipo' is missing in type '{ codigo_equipo: string; }' but required in type '{ id_equipo: number; }'.
@mekanos/database:build: prisma/seed.ts(198,7): error TS2322: Type '{ codigo_estado: string; }' is not assignable to type 'estados_ordenWhereUniqueInput'.
@mekanos/database:build:   Type '{ codigo_estado: string; }' is not assignable to type '{ id_estado: number; } & { id_estado?: number | undefined; AND?: estados_ordenWhereInput | estados_ordenWhereInput[] | undefined; ... 15 more ...; ordenes_servicio?: Ordenes_servicioListRelationFilter | undefined; }'.
@mekanos/database:build:     Property 'id_estado' is missing in type '{ codigo_estado: string; }' but required in type '{ id_estado: number; }'.
@mekanos/database:build: prisma/seed.ts(214,7): error TS2322: Type '{ codigo_estado: string; }' is not assignable to type 'estados_ordenWhereUniqueInput'.
@mekanos/database:build:   Type '{ codigo_estado: string; }' is not assignable to type '{ id_estado: number; } & { id_estado?: number | undefined; AND?: estados_ordenWhereInput | estados_ordenWhereInput[] | undefined; ... 15 more ...; ordenes_servicio?: Ordenes_servicioListRelationFilter | undefined; }'.
@mekanos/database:build:     Property 'id_estado' is missing in type '{ codigo_estado: string; }' but required in type '{ id_estado: number; }'.
@mekanos/database:build: prisma/seed.ts(230,7): error TS2322: Type '{ codigo_estado: string; }' is not assignable to type 'estados_ordenWhereUniqueInput'.
@mekanos/database:build:   Type '{ codigo_estado: string; }' is not assignable to type '{ id_estado: number; } & { id_estado?: number | undefined; AND?: estados_ordenWhereInput | estados_ordenWhereInput[] | undefined; ... 15 more ...; ordenes_servicio?: Ordenes_servicioListRelationFilter | undefined; }'.
@mekanos/database:build:     Property 'id_estado' is missing in type '{ codigo_estado: string; }' but required in type '{ id_estado: number; }'.
@mekanos/database:build: prisma/seed.ts(246,7): error TS2322: Type '{ codigo_estado: string; }' is not assignable to type 'estados_ordenWhereUniqueInput'.
@mekanos/database:build:   Type '{ codigo_estado: string; }' is not assignable to type '{ id_estado: number; } & { id_estado?: number | undefined; AND?: estados_ordenWhereInput | estados_ordenWhereInput[] | undefined; ... 15 more ...; ordenes_servicio?: Ordenes_servicioListRelationFilter | undefined; }'.
@mekanos/database:build:     Property 'id_estado' is missing in type '{ codigo_estado: string; }' but required in type '{ id_estado: number; }'.
@mekanos/database:build: prisma/seed.ts(262,7): error TS2322: Type '{ codigo_estado: string; }' is not assignable to type 'estados_ordenWhereUniqueInput'.
@mekanos/database:build:   Type '{ codigo_estado: string; }' is not assignable to type '{ id_estado: number; } & { id_estado?: number | undefined; AND?: estados_ordenWhereInput | estados_ordenWhereInput[] | undefined; ... 15 more ...; ordenes_servicio?: Ordenes_servicioListRelationFilter | undefined; }'.
@mekanos/database:build:     Property 'id_estado' is missing in type '{ codigo_estado: string; }' but required in type '{ id_estado: number; }'.
@mekanos/database:build: prisma/seed.ts(278,7): error TS2322: Type '{ codigo_estado: string; }' is not assignable to type 'estados_ordenWhereUniqueInput'.
@mekanos/database:build:   Type '{ codigo_estado: string; }' is not assignable to type '{ id_estado: number; } & { id_estado?: number | undefined; AND?: estados_ordenWhereInput | estados_ordenWhereInput[] | undefined; ... 15 more ...; ordenes_servicio?: Ordenes_servicioListRelationFilter | undefined; }'.
@mekanos/database:build:     Property 'id_estado' is missing in type '{ codigo_estado: string; }' but required in type '{ id_estado: number; }'.
@mekanos/database:build: prisma/seed.ts(294,7): error TS2322: Type '{ codigo_estado: string; }' is not assignable to type 'estados_ordenWhereUniqueInput'.
@mekanos/database:build:   Type '{ codigo_estado: string; }' is not assignable to type '{ id_estado: number; } & { id_estado?: number | undefined; AND?: estados_ordenWhereInput | estados_ordenWhereInput[] | undefined; ... 15 more ...; ordenes_servicio?: Ordenes_servicioListRelationFilter | undefined; }'.
@mekanos/database:build:     Property 'id_estado' is missing in type '{ codigo_estado: string; }' but required in type '{ id_estado: number; }'.
@mekanos/database:build: prisma/seed.ts(320,5): error TS2322: Type '{ numero_orden: string; }' is not assignable to type 'ordenes_servicioWhereUniqueInput'.
@mekanos/database:build:   Type '{ numero_orden: string; }' is not assignable to type '{ id_orden_servicio: number; } & { id_orden_servicio?: number | undefined; AND?: ordenes_servicioWhereInput | ordenes_servicioWhereInput[] | undefined; ... 71 more ...; remisiones?: RemisionesListRelationFilter | undefined; }'.
@mekanos/database:build:     Property 'id_orden_servicio' is missing in type '{ numero_orden: string; }' but required in type '{ id_orden_servicio: number; }'.
@mekanos/database:build: ÔÇëELIFECYCLEÔÇë Command failed with exit code 2.
admin:build: [baseline-browser-mapping] The data in this module is over two months old.  To ensure accurate Baseline data, please update: `npm i baseline-browser-mapping@latest -D`
node.exe : @mekanos/database:build: ERROR: command finished with error: 
command (C:\Users\Usuario\Downloads\mekanosApp\BASE DE 
DATOS\MEKANOS_DB\REFACTORIZATION\monorepo\packages\database) 
C:\Users\Usuario\AppData\Local\pnpm\.tools\pnpm\8.11.0\bin\pnpm.CMD run build 
exited (1)
En C:\Users\Usuario\AppData\Roaming\npm\pnpm.ps1: 24 Carácter: 5
+     & "node$exe"  "$basedir/node_modules/pnpm/bin/pnpm.cjs" $args
+     ~~~~~~~~~~~~~~~~~~~~~~~~~~~~~~~~~~~~~~~~~~~~~~~~~~~~~~~~~~~~~
    + CategoryInfo          : NotSpecified: (@mekanos/databa...uild exited (1) 
   :String) [], RemoteException
    + FullyQualifiedErrorId : NativeCommandError
 
@mekanos/database#build: command (C:\Users\Usuario\Downloads\mekanosApp\BASE 
DE DATOS\MEKANOS_DB\REFACTORIZATION\monorepo\packages\database) 
C:\Users\Usuario\AppData\Local\pnpm\.tools\pnpm\8.11.0\bin\pnpm.CMD run build 
exited (1)

 Tasks:    1 successful, 4 total
Cached:    0 cached, 4 total
  Time:    9.018s 
Failed:    @mekanos/database#build

 ERROR  run failed: command  exited (1)
ÔÇëELIFECYCLEÔÇë Command failed with exit code 1.
